------------------------------------------------------------
Timing Analyzer Summary
------------------------------------------------------------

Type  : Slow 1200mV 85C Model Setup 'MAX7219:U0|clk_spi'
Slack : -3.871
TNS   : -32.952

Type  : Slow 1200mV 85C Model Setup 'sys_clk'
Slack : -2.506
TNS   : -12.670

Type  : Slow 1200mV 85C Model Setup 'MAX7219:U0|state.00'
Slack : -0.398
TNS   : -0.839

Type  : Slow 1200mV 85C Model Hold 'MAX7219:U0|clk_spi'
Slack : 0.454
TNS   : 0.000

Type  : Slow 1200mV 85C Model Hold 'MAX7219:U0|state.00'
Slack : 0.455
TNS   : 0.000

Type  : Slow 1200mV 85C Model Hold 'sys_clk'
Slack : 0.516
TNS   : 0.000

Type  : Slow 1200mV 85C Model Recovery 'sys_clk'
Slack : -1.912
TNS   : -13.384

Type  : Slow 1200mV 85C Model Recovery 'MAX7219:U0|clk_spi'
Slack : -1.745
TNS   : -16.777

Type  : Slow 1200mV 85C Model Recovery 'MAX7219:U0|state.00'
Slack : -0.632
TNS   : -2.528

Type  : Slow 1200mV 85C Model Removal 'MAX7219:U0|state.00'
Slack : 0.367
TNS   : 0.000

Type  : Slow 1200mV 85C Model Removal 'MAX7219:U0|clk_spi'
Slack : 1.516
TNS   : 0.000

Type  : Slow 1200mV 85C Model Removal 'sys_clk'
Slack : 2.249
TNS   : 0.000

Type  : Slow 1200mV 85C Model Minimum Pulse Width 'sys_clk'
Slack : -3.000
TNS   : -13.409

Type  : Slow 1200mV 85C Model Minimum Pulse Width '_rst'
Slack : -3.000
TNS   : -3.000

Type  : Slow 1200mV 85C Model Minimum Pulse Width 'MAX7219:U0|clk_spi'
Slack : -1.487
TNS   : -19.331

Type  : Slow 1200mV 85C Model Minimum Pulse Width 'MAX7219:U0|state.00'
Slack : -1.487
TNS   : -5.948

Type  : Slow 1200mV 0C Model Setup 'MAX7219:U0|clk_spi'
Slack : -3.495
TNS   : -30.342

Type  : Slow 1200mV 0C Model Setup 'sys_clk'
Slack : -2.289
TNS   : -11.055

Type  : Slow 1200mV 0C Model Setup 'MAX7219:U0|state.00'
Slack : -0.256
TNS   : -0.466

Type  : Slow 1200mV 0C Model Hold 'MAX7219:U0|clk_spi'
Slack : 0.402
TNS   : 0.000

Type  : Slow 1200mV 0C Model Hold 'MAX7219:U0|state.00'
Slack : 0.405
TNS   : 0.000

Type  : Slow 1200mV 0C Model Hold 'sys_clk'
Slack : 0.474
TNS   : 0.000

Type  : Slow 1200mV 0C Model Recovery 'sys_clk'
Slack : -1.847
TNS   : -12.929

Type  : Slow 1200mV 0C Model Recovery 'MAX7219:U0|clk_spi'
Slack : -1.705
TNS   : -14.530

Type  : Slow 1200mV 0C Model Recovery 'MAX7219:U0|state.00'
Slack : -0.757
TNS   : -3.028

Type  : Slow 1200mV 0C Model Removal 'MAX7219:U0|state.00'
Slack : 0.345
TNS   : 0.000

Type  : Slow 1200mV 0C Model Removal 'MAX7219:U0|clk_spi'
Slack : 1.550
TNS   : 0.000

Type  : Slow 1200mV 0C Model Removal 'sys_clk'
Slack : 2.093
TNS   : 0.000

Type  : Slow 1200mV 0C Model Minimum Pulse Width 'sys_clk'
Slack : -3.000
TNS   : -13.409

Type  : Slow 1200mV 0C Model Minimum Pulse Width '_rst'
Slack : -3.000
TNS   : -3.000

Type  : Slow 1200mV 0C Model Minimum Pulse Width 'MAX7219:U0|clk_spi'
Slack : -1.487
TNS   : -19.331

Type  : Slow 1200mV 0C Model Minimum Pulse Width 'MAX7219:U0|state.00'
Slack : -1.487
TNS   : -5.948

Type  : Fast 1200mV 0C Model Setup 'MAX7219:U0|clk_spi'
Slack : -1.454
TNS   : -8.496

Type  : Fast 1200mV 0C Model Setup 'sys_clk'
Slack : -0.474
TNS   : -1.320

Type  : Fast 1200mV 0C Model Setup 'MAX7219:U0|state.00'
Slack : 0.382
TNS   : 0.000

Type  : Fast 1200mV 0C Model Hold 'MAX7219:U0|state.00'
Slack : 0.185
TNS   : 0.000

Type  : Fast 1200mV 0C Model Hold 'MAX7219:U0|clk_spi'
Slack : 0.187
TNS   : 0.000

Type  : Fast 1200mV 0C Model Hold 'sys_clk'
Slack : 0.208
TNS   : 0.000

Type  : Fast 1200mV 0C Model Recovery 'sys_clk'
Slack : -1.066
TNS   : -7.462

Type  : Fast 1200mV 0C Model Recovery 'MAX7219:U0|clk_spi'
Slack : -1.007
TNS   : -10.439

Type  : Fast 1200mV 0C Model Recovery 'MAX7219:U0|state.00'
Slack : 0.184
TNS   : 0.000

Type  : Fast 1200mV 0C Model Removal 'MAX7219:U0|state.00'
Slack : 0.504
TNS   : 0.000

Type  : Fast 1200mV 0C Model Removal 'MAX7219:U0|clk_spi'
Slack : 0.573
TNS   : 0.000

Type  : Fast 1200mV 0C Model Removal 'sys_clk'
Slack : 0.752
TNS   : 0.000

Type  : Fast 1200mV 0C Model Minimum Pulse Width 'sys_clk'
Slack : -3.000
TNS   : -10.462

Type  : Fast 1200mV 0C Model Minimum Pulse Width '_rst'
Slack : -3.000
TNS   : -3.000

Type  : Fast 1200mV 0C Model Minimum Pulse Width 'MAX7219:U0|clk_spi'
Slack : -1.000
TNS   : -13.000

Type  : Fast 1200mV 0C Model Minimum Pulse Width 'MAX7219:U0|state.00'
Slack : -1.000
TNS   : -4.000

------------------------------------------------------------
